../Core/Src/main.c:108:5:main	8	static,ignoring_inline_asm
../Core/Src/main.c:183:6:SystemClock_Config	120	static
../Core/Src/main.c:240:14:ADC_RawToPinVoltage	16	static
../Core/Src/main.c:245:14:VoltageDivider_ToInputVoltage	16	static
../Core/Src/main.c:250:14:NTC_ToTemperatureC	24	static
../Core/Src/main.c:272:14:HallSensor_ToCurrentA	16	static
../Core/Src/main.c:277:13:Process_ADC_Data	24	static
../Core/Src/main.c:304:6:HAL_ADC_ConvCpltCallback	16	static
../Core/Src/main.c:312:6:HAL_ADC_ErrorCallback	16	static
../Core/Src/main.c:323:6:MPU_Config	24	static
../Core/Src/main.c:354:6:Error_Handler	4	static,ignoring_inline_asm
