../Core/Src/main.c:156:5:main	8	static,ignoring_inline_asm
../Core/Src/main.c:236:6:SystemClock_Config	120	static
../Core/Src/main.c:299:14:ADCRawToVolt	16	static
../Core/Src/main.c:310:14:VoltConv	16	static
../Core/Src/main.c:321:14:NTCRawToTemp	24	static
../Core/Src/main.c:349:14:HallToCurr	16	static
../Core/Src/main.c:361:14:MovingAvg_Update	24	static
../Core/Src/main.c:393:13:MovingAvgHelper	4	static
../Core/Src/main.c:414:13:main_Func	48	static
../Core/Src/main.c:461:13:CurrOffsetCalibrate	24	static
../Core/Src/main.c:499:6:HAL_ADC_ConvCpltCallback	16	static
../Core/Src/main.c:514:6:HAL_ADC_ErrorCallback	16	static
../Core/Src/main.c:525:6:MPU_Config	24	static
../Core/Src/main.c:556:6:Error_Handler	4	static,ignoring_inline_asm
